
Started Import Process
# System Details: 
Debug Mode 		: Wyłączone
Operating System 	: WINNT
Software 		: Apache/2.4.58 (Win64) OpenSSL/3.1.3 PHP/8.0.30
MySQL version 		: 10.4.32
XML Reader 		: Tak
PHP Version 		: 8.0.30
PHP Max Input Vars 	: 1000
PHP Max Post Size 	: 40M
PHP Extension GD 	: Nie
PHP Max Execution Time 	: 120
Max Upload Size 	: 40 MB
Memory Limit 		: Obecny limit pamięci 40M. Zalecamy ustawienie pamięci na co najmniej 64M.
Timezone 		: Europe/Warsaw

-----

Importing Started! - 12:34:00 UTC
---

WHY IMPORT PROCESS CAN FAIL? READ THIS - 
https://wpastra.com/docs/?p=1314&utm_source=demo-import-panel&utm_campaign=import-error&utm_medium=wp-dashboard

---

Inserted WP Form 12
Batch Process Started..
Starter Templates - Importing Images for Blog name 'projekt1' (1)